// Jest Snapshot v1, https://goo.gl/fbAQLP

exports[`Testing snapshot for Encharge's removeTag destination action: all fields 1`] = `
Object {
  "email": "te@tiuz.sr",
  "segmentAnonymousId": "KuASjeKm",
  "tag": "KuASjeKm",
  "userId": "KuASjeKm",
}
`;

exports[`Testing snapshot for Encharge's removeTag destination action: required fields 1`] = `
Object {
  "segmentAnonymousId": "anonId1234",
  "tag": "KuASjeKm",
  "userId": "user1234",
}
`;
