// Jest Snapshot v1, https://goo.gl/fbAQLP

exports[`Testing snapshot for Encharge's addTag destination action: all fields 1`] = `
Object {
  "email": "epkob@paginowog.lt",
  "segmentAnonymousId": "(WJtTbvKST3r",
  "tag": "(WJtTbvKST3r",
  "userId": "(WJtTbvKST3r",
}
`;

exports[`Testing snapshot for Encharge's addTag destination action: required fields 1`] = `
Object {
  "segmentAnonymousId": "anonId1234",
  "tag": "(WJtTbvKST3r",
  "userId": "user1234",
}
`;
